Archive member included to satisfy reference by file (symbol)

c:/program files (x86)/atmel/studio/7.0/toolchain/avr8/avr8-gnu-toolchain/bin/../lib/gcc/avr/5.4.0/../../../../avr/lib/avrxmega7\libm.a(addsf3.o)
                              Source/pid.o (__subsf3)
c:/program files (x86)/atmel/studio/7.0/toolchain/avr8/avr8-gnu-toolchain/bin/../lib/gcc/avr/5.4.0/../../../../avr/lib/avrxmega7\libm.a(addsf3x.o)
                              c:/program files (x86)/atmel/studio/7.0/toolchain/avr8/avr8-gnu-toolchain/bin/../lib/gcc/avr/5.4.0/../../../../avr/lib/avrxmega7\libm.a(addsf3.o) (__addsf3x)
c:/program files (x86)/atmel/studio/7.0/toolchain/avr8/avr8-gnu-toolchain/bin/../lib/gcc/avr/5.4.0/../../../../avr/lib/avrxmega7\libm.a(cmpsf2.o)
                              Source/Motor.o (__ltsf2)
c:/program files (x86)/atmel/studio/7.0/toolchain/avr8/avr8-gnu-toolchain/bin/../lib/gcc/avr/5.4.0/../../../../avr/lib/avrxmega7\libm.a(divsf3.o)
                              Source/Motor.o (__divsf3)
c:/program files (x86)/atmel/studio/7.0/toolchain/avr8/avr8-gnu-toolchain/bin/../lib/gcc/avr/5.4.0/../../../../avr/lib/avrxmega7\libm.a(divsf3x.o)
                              c:/program files (x86)/atmel/studio/7.0/toolchain/avr8/avr8-gnu-toolchain/bin/../lib/gcc/avr/5.4.0/../../../../avr/lib/avrxmega7\libm.a(divsf3.o) (__divsf3x)
c:/program files (x86)/atmel/studio/7.0/toolchain/avr8/avr8-gnu-toolchain/bin/../lib/gcc/avr/5.4.0/../../../../avr/lib/avrxmega7\libm.a(fixsfsi.o)
                              Source/Motor.o (__fixsfsi)
c:/program files (x86)/atmel/studio/7.0/toolchain/avr8/avr8-gnu-toolchain/bin/../lib/gcc/avr/5.4.0/../../../../avr/lib/avrxmega7\libm.a(fixunssfsi.o)
                              c:/program files (x86)/atmel/studio/7.0/toolchain/avr8/avr8-gnu-toolchain/bin/../lib/gcc/avr/5.4.0/../../../../avr/lib/avrxmega7\libm.a(fixsfsi.o) (__fixunssfsi)
c:/program files (x86)/atmel/studio/7.0/toolchain/avr8/avr8-gnu-toolchain/bin/../lib/gcc/avr/5.4.0/../../../../avr/lib/avrxmega7\libm.a(floatsisf.o)
                              Source/lib/frtcpp/time_stamp_to_float.o (__floatunsisf)
c:/program files (x86)/atmel/studio/7.0/toolchain/avr8/avr8-gnu-toolchain/bin/../lib/gcc/avr/5.4.0/../../../../avr/lib/avrxmega7\libm.a(fp_cmp.o)
                              c:/program files (x86)/atmel/studio/7.0/toolchain/avr8/avr8-gnu-toolchain/bin/../lib/gcc/avr/5.4.0/../../../../avr/lib/avrxmega7\libm.a(cmpsf2.o) (__fp_cmp)
c:/program files (x86)/atmel/studio/7.0/toolchain/avr8/avr8-gnu-toolchain/bin/../lib/gcc/avr/5.4.0/../../../../avr/lib/avrxmega7\libm.a(fp_inf.o)
                              c:/program files (x86)/atmel/studio/7.0/toolchain/avr8/avr8-gnu-toolchain/bin/../lib/gcc/avr/5.4.0/../../../../avr/lib/avrxmega7\libm.a(addsf3x.o) (__fp_inf)
c:/program files (x86)/atmel/studio/7.0/toolchain/avr8/avr8-gnu-toolchain/bin/../lib/gcc/avr/5.4.0/../../../../avr/lib/avrxmega7\libm.a(fp_nan.o)
                              c:/program files (x86)/atmel/studio/7.0/toolchain/avr8/avr8-gnu-toolchain/bin/../lib/gcc/avr/5.4.0/../../../../avr/lib/avrxmega7\libm.a(addsf3x.o) (__fp_nan)
c:/program files (x86)/atmel/studio/7.0/toolchain/avr8/avr8-gnu-toolchain/bin/../lib/gcc/avr/5.4.0/../../../../avr/lib/avrxmega7\libm.a(fp_pscA.o)
                              c:/program files (x86)/atmel/studio/7.0/toolchain/avr8/avr8-gnu-toolchain/bin/../lib/gcc/avr/5.4.0/../../../../avr/lib/avrxmega7\libm.a(addsf3x.o) (__fp_pscA)
c:/program files (x86)/atmel/studio/7.0/toolchain/avr8/avr8-gnu-toolchain/bin/../lib/gcc/avr/5.4.0/../../../../avr/lib/avrxmega7\libm.a(fp_pscB.o)
                              c:/program files (x86)/atmel/studio/7.0/toolchain/avr8/avr8-gnu-toolchain/bin/../lib/gcc/avr/5.4.0/../../../../avr/lib/avrxmega7\libm.a(addsf3x.o) (__fp_pscB)
c:/program files (x86)/atmel/studio/7.0/toolchain/avr8/avr8-gnu-toolchain/bin/../lib/gcc/avr/5.4.0/../../../../avr/lib/avrxmega7\libm.a(fp_round.o)
                              c:/program files (x86)/atmel/studio/7.0/toolchain/avr8/avr8-gnu-toolchain/bin/../lib/gcc/avr/5.4.0/../../../../avr/lib/avrxmega7\libm.a(addsf3.o) (__fp_round)
c:/program files (x86)/atmel/studio/7.0/toolchain/avr8/avr8-gnu-toolchain/bin/../lib/gcc/avr/5.4.0/../../../../avr/lib/avrxmega7\libm.a(fp_split3.o)
                              c:/program files (x86)/atmel/studio/7.0/toolchain/avr8/avr8-gnu-toolchain/bin/../lib/gcc/avr/5.4.0/../../../../avr/lib/avrxmega7\libm.a(addsf3x.o) (__fp_split3)
c:/program files (x86)/atmel/studio/7.0/toolchain/avr8/avr8-gnu-toolchain/bin/../lib/gcc/avr/5.4.0/../../../../avr/lib/avrxmega7\libm.a(fp_zero.o)
                              c:/program files (x86)/atmel/studio/7.0/toolchain/avr8/avr8-gnu-toolchain/bin/../lib/gcc/avr/5.4.0/../../../../avr/lib/avrxmega7\libm.a(addsf3x.o) (__fp_zero)
c:/program files (x86)/atmel/studio/7.0/toolchain/avr8/avr8-gnu-toolchain/bin/../lib/gcc/avr/5.4.0/../../../../avr/lib/avrxmega7\libm.a(gesf2.o)
[...]
Memory Configuration

Name             Origin             Length             Attributes
text             0x00000000         0x00100000         xr
data             0x00802000         0x0000ffa0         rw !x
eeprom           0x00810000         0x00010000         rw !x
fuse             0x00820000         0x00000006         rw !x
lock             0x00830000         0x00000400         rw !x
signature        0x00840000         0x00000400         rw !x
user_signatures  0x00850000         0x00000400         rw !x
*default*        0x00000000         0xffffffff

Linker script and memory map

LOAD C:/Program Files (x86)/Atmel/Studio/7.0/Packs/atmel/XMEGAA_DFP/1.1.68/gcc/dev/atxmega128a4u/avrxmega7/crtatxmega128a4u.o
LOAD Source/EncoderMotor.o
LOAD Source/EncoderPendulum.o
LOAD Source/lib/freertos/croutine.o
LOAD Source/LimitSwitches.o
LOAD Source/Motor.o
LOAD Source/pid.o
LOAD Source/PWMdriver.o
LOAD Source/task_user.o
LOAD Source/lib/freertos/heap_2.o
LOAD Source/lib/freertos/list.o
LOAD Source/lib/freertos/port.o
LOAD Source/lib/freertos/queue.o
LOAD Source/lib/freertos/tasks.o
LOAD Source/lib/frtcpp/base_data_receiver.o
LOAD Source/lib/frtcpp/frt_task.o
LOAD Source/lib/frtcpp/frt_task_stackprt.o
LOAD Source/lib/frtcpp/frt_task_status.o
LOAD Source/lib/frtcpp/frt_text_queue.o
LOAD Source/lib/frtcpp/func_get_run_time_counter.o
LOAD Source/lib/frtcpp/time_stamp_equal.o
LOAD Source/lib/frtcpp/time_stamp_get_us.o
LOAD Source/lib/frtcpp/time_stamp_greater.o
LOAD Source/lib/frtcpp/time_stamp_greater_eq.o
LOAD Source/lib/frtcpp/time_stamp_less.o
LOAD Source/lib/frtcpp/time_stamp_less_eq.o
LOAD Source/lib/frtcpp/time_stamp_lshift.o
LOAD Source/lib/frtcpp/time_stamp_minus.o
LOAD Source/lib/frtcpp/time_stamp_minus_eq.o
LOAD Source/lib/frtcpp/time_stamp_not_equal.o
LOAD Source/lib/frtcpp/time_stamp_plus.o
LOAD Source/lib/frtcpp/time_stamp_plus_eq.o
LOAD Source/lib/frtcpp/time_stamp_tick_res_time.o
LOAD Source/lib/frtcpp/time_stamp_to_float.o
LOAD Source/lib/frtcpp/time_stamp_to_now.o
LOAD Source/lib/frtcpp/time_stamp_to_now_ISR.o
LOAD Source/lib/misc/hex_dump_memory.o
LOAD Source/lib/misc/mechutil.o
LOAD Source/lib/serial/base232.o
LOAD Source/lib/serial/emstream.o
LOAD Source/lib/serial/emstream_bool.o
LOAD Source/lib/serial/emstream_float.o
LOAD Source/lib/serial/emstream_hex_receive.o
LOAD Source/lib/serial/emstream_hex_send.o
LOAD Source/lib/serial/emstream_int16_t.o
LOAD Source/lib/serial/emstream_int32_t.o
LOAD Source/lib/serial/emstream_int8_t.o
LOAD Source/lib/serial/emstream_pointer.o
LOAD Source/lib/serial/emstream_uint16_t.o
LOAD Source/lib/serial/emstream_uint32_t.o
LOAD Source/lib/serial/emstream_uint64_t.o
LOAD Source/lib/serial/emstream_uint8_t.o
LOAD Source/lib/serial/rs232int.o
LOAD Source/main.o
START GROUP
LOAD c:/program files (x86)/atmel/studio/7.0/toolchain/avr8/avr8-gnu-toolchain/bin/../lib/gcc/avr/5.4.0/../../../../avr/lib/avrxmega7\libm.a
END GROUP
LOAD c:/program files (x86)/atmel/studio/7.0/toolchain/avr8/avr8-gnu-toolchain/bin/../lib/gcc/avr/5.4.0/avrxmega7\libgcc.a
LOAD c:/program files (x86)/atmel/studio/7.0/toolchain/avr8/avr8-gnu-toolchain/bin/../lib/gcc/avr/5.4.0/../../../../avr/lib/avrxmega7\libm.a
START GROUP
LOAD c:/program files (x86)/atmel/studio/7.0/toolchain/avr8/avr8-gnu-toolchain/bin/../lib/gcc/avr/5.4.0/avrxmega7\libgcc.a
LOAD c:/program files (x86)/atmel/studio/7.0/toolchain/avr8/avr8-gnu-toolchain/bin/../lib/gcc/avr/5.4.0/../../../../avr/lib/avrxmega7\libm.a
LOAD c:/program files (x86)/atmel/studio/7.0/toolchain/avr8/avr8-gnu-toolchain/bin/../lib/gcc/avr/5.4.0/../../../../avr/lib/avrxmega7\libc.a
LOAD C:/Program Files (x86)/Atmel/Studio/7.0/Packs/atmel/XMEGAA_DFP/1.1.68/gcc/dev/atxmega128a4u/avrxmega7\libatxmega128a4u.a
END GROUP
                0x00100000                __TEXT_REGION_LENGTH__ = DEFINED (__TEXT_REGION_LENGTH__)?__TEXT_REGION_LENGTH__:0x100000
                0x0000ffa0                __DATA_REGION_LENGTH__ = DEFINED (__DATA_REGION_LENGTH__)?__DATA_REGION_LENGTH__:0xffa0
                0x00010000                __EEPROM_REGION_LENGTH__ = DEFINED (__EEPROM_REGION_LENGTH__)?__EEPROM_REGION_LENGTH__:0x10000
                [0x00000006]                __FUSE_REGION_LENGTH__ = DEFINED (__FUSE_REGION_LENGTH__)?__FUSE_REGION_LENGTH__:0x400
                0x00000400                __LOCK_REGION_LENGTH__ = DEFINED (__LOCK_REGION_LENGTH__)?__LOCK_REGION_LENGTH__:0x400
                0x00000400                __SIGNATURE_REGION_LENGTH__ = DEFINED (__SIGNATURE_REGION_LENGTH__)?__SIGNATURE_REGION_LENGTH__:0x400
                0x00000400                __USER_SIGNATURE_REGION_LENGTH__ = DEFINED (__USER_SIGNATURE_REGION_LENGTH__)?__USER_SIGNATURE_REGION_LENGTH__:0x400

.hash
 *(.hash)

.dynsym
 *(.dynsym)

.dynstr
 *(.dynstr)

.gnu.version
 *(.gnu.version)

.gnu.version_d
 *(.gnu.version_d)

.gnu.version_r
 *(.gnu.version_r)

.rel.init
 *(.rel.init)

.rela.init
 *(.rela.init)

.rel.text
 *(.rel.text)
 *(.rel.text.*)
 *(.rel.gnu.linkonce.t*)

.rela.text
 *(.rela.text)
 *(.rela.text.*)
 *(.rela.gnu.linkonce.t*)

.rel.fini
 *(.rel.fini)

.rela.fini
 *(.rela.fini)

.rel.rodata
 *(.rel.rodata)
 *(.rel.rodata.*)
 *(.rel.gnu.linkonce.r*)

.rela.rodata
 *(.rela.rodata)
 *(.rela.rodata.*)
 *(.rela.gnu.linkonce.r*)

.rel.data
 *(.rel.data)
 *(.rel.data.*)
 *(.rel.gnu.linkonce.d*)

.rela.data
 *(.rela.data)
 *(.rela.data.*)
 *(.rela.gnu.linkonce.d*)

.rel.ctors
 *(.rel.ctors)

.rela.ctors
 *(.rela.ctors)

.rel.dtors
 *(.rel.dtors)

.rela.dtors
 *(.rela.dtors)

.rel.got
 *(.rel.got)

.rela.got
 *(.rela.got)

.rel.bss
 *(.rel.bss)

.rela.bss
 *(.rela.bss)

.rel.plt
 *(.rel.plt)

.rela.plt
 *(.rela.plt)

.text           0x00000000     0x44e6
 *(.vectors)
 .vectors       0x00000000      0x1fc C:/Program Files (x86)/Atmel/Studio/7.0/Packs/atmel/XMEGAA_DFP/1.1.68/gcc/dev/atxmega128a4u/avrxmega7/crtatxmega128a4u.o
                0x00000000                __vector_default
                0x00000000                __vectors
 *(.vectors)
 *(.progmem.gcc*)
 .progmem.gcc_sw_table._ZN8emstreamlsE15ser_manipulator
                0x000001fc       0x16 Source/lib/serial/emstream.o
                0x00000212                . = ALIGN (0x2)
                0x00000212                __trampolines_start = .
 *(.trampolines)
 .trampolines   0x00000212       0x88 linker stubs
 *(.trampolines*)
                0x0000029a                __trampolines_end = .
 *libprintf_flt.a:*(.progmem.data)
 *libc.a:*(.progmem.data)
 *(.progmem*)
 .progmem.something
                0x0000029a      0x1ba Source/task_user.o
 .progmem.something
                0x00000454       0x4b Source/lib/frtcpp/frt_task.o
 .progmem.something
                0x0000049f       0x28 Source/lib/frtcpp/frt_task_stackprt.o
 .progmem.something
                0x000004c7       0x72 Source/lib/frtcpp/frt_task_status.o
 .progmem.something
                0x00000539       0x13 Source/lib/misc/hex_dump_memory.o
                0x0000054c                . = ALIGN (0x2)
 *(.jumptables)
 *(.jumptables*)
 *(.lowtext)
 .lowtext       0x0000054c        0x4 Source/lib/frtcpp/frt_task.o
                0x0000054c                _call_static_run_method
 *(.lowtext*)
                0x00000550                __ctors_start = .
 *(.ctors)
 .ctors         0x00000550        0x2 Source/main.o
                0x00000552                __ctors_end = .
                0x00000552                __dtors_start = .
 *(.dtors)
                0x00000552                __dtors_end = .
 SORT(*)(.ctors)
 SORT(*)(.dtors)
 *(.init0)
 .init0         0x00000552        0x0 C:/Program Files (x86)/Atmel/Studio/7.0/Packs/atmel/XMEGAA_DFP/1.1.68/gcc/dev/atxmega128a4u/avrxmega7/crtatxmega128a4u.o
                0x00000552                __init
 *(.init0)
 *(.init1)
 *(.init1)
 *(.init2)
 .init2         0x00000552       0x18 C:/Program Files (x86)/Atmel/Studio/7.0/Packs/atmel/XMEGAA_DFP/1.1.68/gcc/dev/atxmega128a4u/avrxmega7/crtatxmega128a4u.o
 *(.init2)
 *(.init3)
 *(.init3)
 *(.init4)
 .init4         0x0000056a       0x1c c:/program files (x86)/atmel/studio/7.0/toolchain/avr8/avr8-gnu-toolchain/bin/../lib/gcc/avr/5.4.0/avrxmega7\libgcc.a(_copy_data.o)
                0x0000056a                __do_copy_data
 .init4         0x00000586       0x10 c:/program files (x86)/atmel/studio/7.0/toolchain/avr8/avr8-gnu-toolchain/bin/../lib/gcc/avr/5.4.0/avrxmega7\libgcc.a(_clear_bss.o)
                0x00000586                __do_clear_bss
 *(.init4)
 *(.init5)
 *(.init5)
 *(.init6)
 .init6         0x00000596       0x20 c:/program files (x86)/atmel/studio/7.0/toolchain/avr8/avr8-gnu-toolchain/bin/../lib/gcc/avr/5.4.0/avrxmega7\libgcc.a(_ctors.o)
                0x00000596                __do_global_ctors
 *(.init6)
 *(.init7)
 *(.init7)
 *(.init8)
 *(.init8)
 *(.init9)
 .init9         0x000005b6        0x8 C:/Program Files (x86)/Atmel/Studio/7.0/Packs/atmel/XMEGAA_DFP/1.1.68/gcc/dev/atxmega128a4u/avrxmega7/crtatxmega128a4u.o
 *(.init9)
 *(.text)
 .text          0x000005be        0x4 C:/Program Files (x86)/Atmel/Studio/7.0/Packs/atmel/XMEGAA_DFP/1.1.68/gcc/dev/atxmega128a4u/avrxmega7/crtatxmega128a4u.o
                0x000005be                __vector_38
                0x000005be                __vector_104
                0x000005be                __vector_22
                0x000005be                __vector_63
                0x000005be                __vector_67
                0x000005be                __vector_1
                0x000005be                __vector_119
                0x000005be                __vector_32
                0x000005be                __vector_75
                0x000005be                __vector_71
                0x000005be                __vector_34
                0x000005be                __vector_62
                0x000005be                __vector_77
                0x000005be                __vector_102
                0x000005be                __vector_24
                0x000005be                __vector_12
                0x000005be                __vector_55
                0x000005be                __vector_69
                0x000005be                __vector_81
                0x000005be                __vector_90
                0x000005be                __vector_46
                0x000005be                __bad_interrupt
                0x000005be                __vector_122
                0x000005be                __vector_72
                0x000005be                __vector_114
                0x000005be                __vector_6
                0x000005be                __vector_110
                0x000005be                __vector_31
                0x000005be                __vector_92
                0x000005be                __vector_35
                0x000005be                __vector_78
                0x000005be                __vector_74
                0x000005be                __vector_117
                0x000005be                __vector_39
                0x000005be                __vector_107
                0x000005be                __vector_3
                0x000005be                __vector_105
                0x000005be                __vector_98
                0x000005be                __vector_23
                0x000005be                __vector_68
                0x000005be                __vector_30
                0x000005be                __vector_73
                0x000005be                __vector_45
                0x000005be                __vector_93
                0x000005be                __vector_61
                0x000005be                __vector_11
                0x000005be                __vector_54
                0x000005be                __vector_99
                0x000005be                __vector_13
                0x000005be                __vector_17
                0x000005be                __vector_19
                0x000005be                __vector_56
                0x000005be                __vector_7
                0x000005be                __vector_125
                0x000005be                __vector_123
                0x000005be                __vector_41
                0x000005be                __vector_86
                0x000005be                __vector_100
                0x000005be                __vector_101
                0x000005be                __vector_64
                0x000005be                __vector_109
                0x000005be                __vector_43
                0x000005be                __vector_27
                0x000005be                __vector_5
                0x000005be                __vector_113
                0x000005be                __vector_33
                0x000005be                __vector_76
                0x000005be                __vector_115
                0x000005be                __vector_47
                0x000005be                __vector_52
                0x000005be                __vector_37
                0x000005be                __vector_95
                0x000005be                __vector_103
                0x000005be                __vector_96
                0x000005be                __vector_89
                0x000005be                __vector_108
                0x000005be                __vector_4
                0x000005be                __vector_44
                0x000005be                __vector_82
                0x000005be                __vector_106
                0x000005be                __vector_118
                0x000005be                __vector_51
                0x000005be                __vector_9
                0x000005be                __vector_2
                0x000005be                __vector_21
                0x000005be                __vector_15
                0x000005be                __vector_66
                0x000005be                __vector_36
                0x000005be                __vector_79
                0x000005be                __vector_70
                0x000005be                __vector_83
                0x000005be                __vector_29
                0x000005be                __vector_60
                0x000005be                __vector_121
                0x000005be                __vector_40
                0x000005be                __vector_85
                0x000005be                __vector_94
                0x000005be                __vector_126
                0x000005be                __vector_8
                0x000005be                __vector_26
                0x000005be                __vector_48
                0x000005be                __vector_124
                0x000005be                __vector_116
                0x000005be                __vector_112
                0x000005be                __vector_111
                0x000005be                __vector_80
                0x000005be                __vector_14
                0x000005be                __vector_84
                0x000005be                __vector_57
                0x000005be                __vector_53
                0x000005be                __vector_10
                0x000005be                __vector_50
                0x000005be                __vector_16
                0x000005be                __vector_59
                0x000005be                __vector_18
                0x000005be                __vector_97
                0x000005be                __vector_20
                0x000005be                __vector_42
                0x000005be                __vector_87
                0x000005be                __vector_65
                0x000005be                __vector_120
                0x000005c2                . = ALIGN (0x2)
 *(.text.*)
 .text._ZN12EncoderMotor3runEv
                0x000005c2      0x142 Source/EncoderMotor.o
                0x000005c2                _ZN12EncoderMotor3runEv
 .text._ZN12EncoderMotorC2EPKchjP8emstream
                0x00000704       0x20 Source/EncoderMotor.o
                0x00000704                _ZN12EncoderMotorC2EPKchjP8emstream
                0x00000704                _ZN12EncoderMotorC1EPKchjP8emstream
 .text._ZN15EncoderPendulum3runEv
                0x00000724       0xc0 Source/EncoderPendulum.o
                0x00000724                _ZN15EncoderPendulum3runEv
 .text._ZN15EncoderPendulumC2EPKchjP8emstream
                0x000007e4       0x20 Source/EncoderPendulum.o
                0x000007e4                _ZN15EncoderPendulumC1EPKchjP8emstream
                0x000007e4                _ZN15EncoderPendulumC2EPKchjP8emstream
 .text._ZN13LimitSwitches3runEv
                0x00000804       0xaa Source/LimitSwitches.o
                0x00000804                _ZN13LimitSwitches3runEv
 .text._ZN13LimitSwitchesC2EPKchjP8emstream
                0x000008ae       0x20 Source/LimitSwitches.o
                0x000008ae                _ZN13LimitSwitchesC2EPKchjP8emstream
                0x000008ae                _ZN13LimitSwitchesC1EPKchjP8emstream
 .text._ZN5Motor3runEv
                0x000008ce      0x24a Source/Motor.o
                0x000008ce                _ZN5Motor3runEv
 .text._ZN5MotorC2EPKchjP8emstream
                0x00000b18       0x20 Source/Motor.o
                0x00000b18                _ZN5MotorC2EPKchjP8emstream
                0x00000b18                _ZN5MotorC1EPKchjP8emstream
 .text._ZN3PIDC2Edddddd
                0x00000b38       0xce Source/pid.o
                0x00000b38                _ZN3PIDC1Edddddd
                0x00000b38                _ZN3PIDC2Edddddd
 .text._ZN3PIDD2Ev
                0x00000c06       0x10 Source/pid.o
                0x00000c06                _ZN3PIDD1Ev
                0x00000c06                _ZN3PIDD2Ev
 .text._ZN7PIDImpl9calculateEdd
                0x00000c16      0x170 Source/pid.o
                0x00000c16                _ZN7PIDImpl9calculateEdd
 .text._ZN3PID9calculateEdd
                0x00000d86       0x14 Source/pid.o
                0x00000d86                _ZN3PID9calculateEdd
 .text._ZN9PWMdriver3runEv
                0x00000d9a       0xe4 Source/PWMdriver.o
                0x00000d9a                _ZN9PWMdriver3runEv
 .text._ZN9PWMdriverC2EPKchjP8emstream
                0x00000e7e       0x20 Source/PWMdriver.o
                0x00000e7e                _ZN9PWMdriverC2EPKchjP8emstream
                0x00000e7e                _ZN9PWMdriverC1EPKchjP8emstream
 .text._ZN9task_userC2EPKchjP8emstream
                0x00000e9e       0x20 Source/task_user.o
                0x00000e9e                _ZN9task_userC1EPKchjP8emstream
                0x00000e9e                _ZN9task_userC2EPKchjP8emstream
 .text._ZN9task_user18print_help_messageEv
                0x00000ebe      0x150 Source/task_user.o
                0x00000ebe                _ZN9task_user18print_help_messageEv
 .text._ZN9task_user11show_statusEv
                0x0000100e      0x116 Source/task_user.o
                0x0000100e                _ZN9task_user11show_statusEv
 .text._ZN9task_user3runEv
                0x00001124      0x25a Source/task_user.o
                0x00001124                _ZN9task_user3runEv
 .text.pvPortMalloc
                0x0000137e      0x134 Source/lib/freertos/heap_2.o
                0x0000137e                pvPortMalloc
 .text.vPortFree
                0x000014b2       0x66 Source/lib/freertos/heap_2.o
                0x000014b2                vPortFree
 .text.xPortGetFreeHeapSize
                0x00001518        0xa Source/lib/freertos/heap_2.o
                0x00001518                xPortGetFreeHeapSize
 .text.vListInitialise
                0x00001522       0x22 Source/lib/freertos/list.o
                0x00001522                vListInitialise
 .text.vListInitialiseItem
                0x00001544        0x8 Source/lib/freertos/list.o
                0x00001544                vListInitialiseItem
 .text.vListInsertEnd
                0x0000154c       0x4e Source/lib/freertos/list.o
                0x0000154c                vListInsertEnd
 .text.vListInsert
                0x0000159a       0x96 Source/lib/freertos/list.o
                0x0000159a                vListInsert
 .text.vListRemove
                0x00001630       0x4c Source/lib/freertos/list.o
                0x00001630                vListRemove
 .text.pxPortInitialiseStack
                0x0000167c       0xec Source/lib/freertos/port.o
                0x0000167c                pxPortInitialiseStack
 .text.xPortStartScheduler
                0x00001768       0x7c Source/lib/freertos/port.o
                0x00001768                xPortStartScheduler
 .text.vPortYield
                0x000017e4       0xc2 Source/lib/freertos/port.o
                0x000017e4                vPortYield
 .text.vPortYieldFromTick
                0x000018a6       0xc6 Source/lib/freertos/port.o
                0x000018a6                vPortYieldFromTick
 .text.__vector_49
                0x0000196c        0x6 Source/lib/freertos/port.o
                0x0000196c                __vector_49
 .text.prvCopyDataToQueue
                0x00001972       0x98 Source/lib/freertos/queue.o
 .text.prvCopyDataFromQueue
                0x00001a0a       0x34 Source/lib/freertos/queue.o
 .text.prvUnlockQueue
                0x00001a3e       0x94 Source/lib/freertos/queue.o
 .text.xQueueGenericReset
                0x00001ad2       0x78 Source/lib/freertos/queue.o
                0x00001ad2                xQueueGenericReset
 .text.xQueueGenericCreate
                0x00001b4a       0x5c Source/lib/freertos/queue.o
                0x00001b4a                xQueueGenericCreate
 .text.xQueueGenericSend
                0x00001ba6      0x136 Source/lib/freertos/queue.o
                0x00001ba6                xQueueGenericSend
 .text.xQueueGenericReceive
                0x00001cdc      0x188 Source/lib/freertos/queue.o
                0x00001cdc                xQueueGenericReceive
 .text.uxQueueMessagesWaiting
                0x00001e64       0x10 Source/lib/freertos/queue.o
                0x00001e64                uxQueueMessagesWaiting
 .text.prvIdleTask
                0x00001e74       0x10 Source/lib/freertos/tasks.o
 .text.prvAddCurrentTaskToDelayedList
                0x00001e84       0x9c Source/lib/freertos/tasks.o
 .text.xTaskGenericCreate
                0x00001f20      0x204 Source/lib/freertos/tasks.o
                0x00001f20                xTaskGenericCreate
 .text.uxTaskPriorityGet
                0x00002124       0x1c Source/lib/freertos/tasks.o
                0x00002124                uxTaskPriorityGet
 .text.vTaskStartScheduler
                0x00002140       0x66 Source/lib/freertos/tasks.o
                0x00002140                vTaskStartScheduler
 .text.vTaskSuspendAll
                0x000021a6        0xc Source/lib/freertos/tasks.o
                0x000021a6                vTaskSuspendAll
 .text.xTaskGetTickCount
                0x000021b2       0x1c Source/lib/freertos/tasks.o
                0x000021b2                xTaskGetTickCount
 .text.pcTaskGetTaskName
                0x000021ce       0x10 Source/lib/freertos/tasks.o
                0x000021ce                pcTaskGetTaskName
 .text.xTaskGetIdleTaskHandle
                0x000021de        0xa Source/lib/freertos/tasks.o
                0x000021de                xTaskGetIdleTaskHandle
 .text.vTaskIncrementTick
                0x000021e8      0x202 Source/lib/freertos/tasks.o
                0x000021e8                vTaskIncrementTick
 .text.xTaskResumeAll
                0x000023ea      0x104 Source/lib/freertos/tasks.o
                0x000023ea                xTaskResumeAll
 .text.vTaskDelayUntil
                0x000024ee       0xda Source/lib/freertos/tasks.o
                0x000024ee                vTaskDelayUntil
 .text.vTaskDelay
                0x000025c8       0x5c Source/lib/freertos/tasks.o
                0x000025c8                vTaskDelay
 .text.vTaskSwitchContext
                0x00002624       0xba Source/lib/freertos/tasks.o
                0x00002624                vTaskSwitchContext
 .text.vTaskPlaceOnEventList
                0x000026de       0x54 Source/lib/freertos/tasks.o
                0x000026de                vTaskPlaceOnEventList
 .text.xTaskRemoveFromEventList
                0x00002732       0x7e Source/lib/freertos/tasks.o
                0x00002732                xTaskRemoveFromEventList
 .text.vTaskSetTimeOutState
                0x000027b0       0x22 Source/lib/freertos/tasks.o
                0x000027b0                vTaskSetTimeOutState
 .text.xTaskCheckForTimeOut
                0x000027d2       0xda Source/lib/freertos/tasks.o
                0x000027d2                xTaskCheckForTimeOut
 .text.vTaskMissedYield
                0x000028ac        0x8 Source/lib/freertos/tasks.o
                0x000028ac                vTaskMissedYield
 .text.uxTaskGetStackHighWaterMark
                0x000028b4       0x32 Source/lib/freertos/tasks.o
                0x000028b4                uxTaskGetStackHighWaterMark
 .text.xTaskGetCurrentTaskHandle
                0x000028e6        0xa Source/lib/freertos/tasks.o
                0x000028e6                xTaskGetCurrentTaskHandle
 .text.vTaskPriorityInherit
                0x000028f0       0xaa Source/lib/freertos/tasks.o
                0x000028f0                vTaskPriorityInherit
 .text.vTaskPriorityDisinherit
                0x0000299a       0x68 Source/lib/freertos/tasks.o
                0x0000299a                vTaskPriorityDisinherit
 .text._ZN8frt_task22_call_users_run_methodEPS_
                0x00002a02       0x1e Source/lib/frtcpp/frt_task.o
                0x00002a02                _ZN8frt_task22_call_users_run_methodEPS_
 .text._ZN8frt_task13transition_toEh
                0x00002a20        0x8 Source/lib/frtcpp/frt_task.o
                0x00002a20                _ZN8frt_task13transition_toEh
 .text._ZN8frt_taskC2EPKchjP8emstream
                0x00002a28      0x18e Source/lib/frtcpp/frt_task.o
                0x00002a28                _ZN8frt_taskC1EPKchjP8emstream
                0x00002a28                _ZN8frt_taskC2EPKchjP8emstream
 .text._ZN8frt_task19print_stack_in_listEP8emstream
                0x00002bb6       0x9c Source/lib/frtcpp/frt_task_stackprt.o
                0x00002bb6                _ZN8frt_task19print_stack_in_listEP8emstream
 .text._Z17print_task_stacksP8emstream
                0x00002c52       0x80 Source/lib/frtcpp/frt_task_stackprt.o
                0x00002c52                _Z17print_task_stacksP8emstream
 .text._ZN8frt_task12print_statusER8emstream
                0x00002cd2      0x120 Source/lib/frtcpp/frt_task_status.o
                0x00002cd2                _ZN8frt_task12print_statusER8emstream
 .text._ZlsR8emstreamR8frt_task
                0x00002df2       0x20 Source/lib/frtcpp/frt_task_status.o
                0x00002df2                _ZlsR8emstreamR8frt_task
 .text._ZN8frt_task20print_status_in_listEP8emstream
                0x00002e12       0x32 Source/lib/frtcpp/frt_task_status.o
                0x00002e12                _ZN8frt_task20print_status_in_listEP8emstream
 .text._Z15print_task_listP8emstream
                0x00002e44      0x122 Source/lib/frtcpp/frt_task_status.o
                0x00002e44                _Z15print_task_listP8emstream
 .text._ZN14frt_text_queue7getcharEv
                0x00002f66       0x3c Source/lib/frtcpp/frt_text_queue.o
                0x00002f66                _ZN14frt_text_queue7getcharEv
 .text._ZN14frt_text_queue14check_for_charEv
                0x00002fa2       0x16 Source/lib/frtcpp/frt_text_queue.o
                0x00002fa2                _ZN14frt_text_queue14check_for_charEv
 .text._ZN14frt_text_queue7putcharEc
                0x00002fb8       0x3c Source/lib/frtcpp/frt_text_queue.o
                0x00002fb8                _ZN14frt_text_queue7putcharEc
 .text._ZN14frt_text_queueC2EjP8emstreamm
                0x00002ff4       0x5e Source/lib/frtcpp/frt_text_queue.o
                0x00002ff4                _ZN14frt_text_queueC2EjP8emstreamm
                0x00002ff4                _ZN14frt_text_queueC1EjP8emstreamm
 .text._ZN10time_stamp12get_microsecEv
                0x00003052       0x80 Source/lib/frtcpp/time_stamp_get_us.o
                0x00003052                _ZN10time_stamp12get_microsecEv
 .text._ZlsR8emstreamR10time_stamp
                0x000030d2       0xb8 Source/lib/frtcpp/time_stamp_lshift.o
                0x000030d2                _ZlsR8emstreamR10time_stamp
 .text._ZN10time_stamp10set_to_nowEv
                0x0000318a       0x30 Source/lib/frtcpp/time_stamp_to_now.o
                0x0000318a                _ZN10time_stamp10set_to_nowEv
 .text._Z15hex_dump_memoryPhS_P8emstreambh
                0x000031ba      0x162 Source/lib/misc/hex_dump_memory.o
                0x000031ba                _Z15hex_dump_memoryPhS_P8emstreambh
 .text._Znwj    0x0000331c        0x6 Source/lib/misc/mechutil.o
                0x0000331c                _Znwj
 .text._ZdlPv   0x00003322        0xa Source/lib/misc/mechutil.o
                0x00003322                _ZdlPv
 .text._Znaj    0x0000332c        0x6 Source/lib/misc/mechutil.o
                0x0000332c                _Znaj
 .text.__cxa_pure_virtual
                0x00003332        0x2 Source/lib/misc/mechutil.o
                0x00003332                __cxa_pure_virtual
 .text._ZN7base232C2EjP12USART_struct
                0x00003334      0x12c Source/lib/serial/base232.o
                0x00003334                _ZN7base232C1EjP12USART_struct
                0x00003334                _ZN7base232C2EjP12USART_struct
 .text._ZN8emstream13ready_to_sendEv
                0x00003460        0x4 Source/lib/serial/emstream.o
                0x00003460                _ZN8emstream13ready_to_sendEv
 .text._ZN8emstream7getcharEv
                0x00003464        0x6 Source/lib/serial/emstream.o
                0x00003464                _ZN8emstream7getcharEv
 .text._ZN8emstream14check_for_charEv
                0x0000346a        0x4 Source/lib/serial/emstream.o
                0x0000346a                _ZN8emstream14check_for_charEv
 .text._ZN8emstream12transmit_nowEv
                0x0000346e        0x2 Source/lib/serial/emstream.o
                0x0000346e                _ZN8emstream12transmit_nowEv
 .text._ZN8emstream12clear_screenEv
                0x00003470        0x2 Source/lib/serial/emstream.o
                0x00003470                _ZN8emstream12clear_screenEv
 .text._ZN8emstreamC2Ev
                0x00003472       0x1c Source/lib/serial/emstream.o
                0x00003472                _ZN8emstreamC2Ev
                0x00003472                _ZN8emstreamC1Ev
 .text._ZN8emstream4putsEPKc
                0x0000348e       0x6e Source/lib/serial/emstream.o
                0x0000348e                _ZN8emstream4putsEPKc
 .text._ZN8emstreamlsE15ser_manipulator
                0x000034fc       0x8e Source/lib/serial/emstream.o
                0x000034fc                _ZN8emstreamlsE15ser_manipulator
 .text._ZN8emstreamlsEj
                0x0000358a       0x68 Source/lib/serial/emstream_uint16_t.o
                0x0000358a                _ZN8emstreamlsEj
 .text._ZN8emstreamlsEm
                0x000035f2       0x84 Source/lib/serial/emstream_uint32_t.o
                0x000035f2                _ZN8emstreamlsEm
 .text._ZN8emstreamlsEh
                0x00003676      0x100 Source/lib/serial/emstream_uint8_t.o
                0x00003676                _ZN8emstreamlsEh
 .text._ZN5rs2327putcharEc
                0x00003776       0x48 Source/lib/serial/rs232int.o
                0x00003776                _ZN5rs2327putcharEc
 .text._ZN5rs2327getcharEv
                0x000037be       0x4c Source/lib/serial/rs232int.o
                0x000037be                _ZN5rs2327getcharEv
 .text._ZN5rs23214check_for_charEv
                0x0000380a       0x26 Source/lib/serial/rs232int.o
                0x0000380a                _ZN5rs23214check_for_charEv
 .text._ZN5rs23212clear_screenEv
                0x00003830       0x12 Source/lib/serial/rs232int.o
                0x00003830                _ZN5rs23212clear_screenEv
 .text._ZN5rs232C2EjP12USART_struct
                0x00003842      0x100 Source/lib/serial/rs232int.o
                0x00003842                _ZN5rs232C2EjP12USART_struct
                0x00003842                _ZN5rs232C1EjP12USART_struct
 .text.__vector_25
                0x00003942       0xbc Source/lib/serial/rs232int.o
                0x00003942                __vector_25
 .text.__vector_28
                0x000039fe       0xbc Source/lib/serial/rs232int.o
                0x000039fe                __vector_28
 .text.__vector_88
                0x00003aba       0xbc Source/lib/serial/rs232int.o
                0x00003aba                __vector_88
 .text.__vector_91
                0x00003b76       0xbc Source/lib/serial/rs232int.o
                0x00003b76                __vector_91
 .text.__vector_58
                0x00003c32       0xbc Source/lib/serial/rs232int.o
                0x00003c32                __vector_58
 .text._Z8CCPWritePVhh
                0x00003cee       0x2a Source/main.o
                0x00003cee                _Z8CCPWritePVhh
 .text.main     0x00003d18      0x134 Source/main.o
                0x00003d18                main
 .text._GLOBAL__sub_I_counter
                0x00003e4c       0x22 Source/main.o
 .text.avr-libc.fplib
                0x00003e6e        0xe c:/program files (x86)/atmel/studio/7.0/toolchain/avr8/avr8-gnu-toolchain/bin/../lib/gcc/avr/5.4.0/../../../../avr/lib/avrxmega7\libm.a(addsf3.o)
                0x00003e6e                __subsf3
                0x00003e70                __addsf3
 .text.avr-libc.fplib
                0x00003e7c       0xcc c:/program files (x86)/atmel/studio/7.0/toolchain/avr8/avr8-gnu-toolchain/bin/../lib/gcc/avr/5.4.0/../../../../avr/lib/avrxmega7\libm.a(addsf3x.o)
                0x00003e9e                __addsf3x
 .text.avr-libc.fplib
                0x00003f48        0xa c:/program files (x86)/atmel/studio/7.0/toolchain/avr8/avr8-gnu-toolchain/bin/../lib/gcc/avr/5.4.0/../../../../avr/lib/avrxmega7\libm.a(cmpsf2.o)
                0x00003f48                __nesf2
                0x00003f48                __eqsf2
                0x00003f48                __cmpsf2
                0x00003f48                __ltsf2
                0x00003f48                __lesf2
 .text.avr-libc.fplib
                0x00003f52        0x8 c:/program files (x86)/atmel/studio/7.0/toolchain/avr8/avr8-gnu-toolchain/bin/../lib/gcc/avr/5.4.0/../../../../avr/lib/avrxmega7\libm.a(divsf3.o)
                0x00003f52                __divsf3
 .text.avr-libc.fplib
                0x00003f5a       0xdc c:/program files (x86)/atmel/studio/7.0/toolchain/avr8/avr8-gnu-toolchain/bin/../lib/gcc/avr/5.4.0/../../../../avr/lib/avrxmega7\libm.a(divsf3x.o)
                0x00003f7a                __divsf3x
                0x00003f80                __divsf3_pse
 .text.avr-libc.fplib
                0x00004036        0xe c:/program files (x86)/atmel/studio/7.0/toolchain/avr8/avr8-gnu-toolchain/bin/../lib/gcc/avr/5.4.0/../../../../avr/lib/avrxmega7\libm.a(fixsfsi.o)
                0x00004036                __fixsfsi
 .text.avr-libc.fplib
                0x00004044       0x5e c:/program files (x86)/atmel/studio/7.0/toolchain/avr8/avr8-gnu-toolchain/bin/../lib/gcc/avr/5.4.0/../../../../avr/lib/avrxmega7\libm.a(fixunssfsi.o)
                0x00004044                __fixunssfsi
 .text.avr-libc.fplib
                0x000040a2       0x7a c:/program files (x86)/atmel/studio/7.0/toolchain/avr8/avr8-gnu-toolchain/bin/../lib/gcc/avr/5.4.0/../../../../avr/lib/avrxmega7\libm.a(floatsisf.o)
                0x000040a2                __floatunsisf
                0x000040a6                __floatsisf
 .text.avr-libc.fplib
                0x0000411c       0x48 c:/program files (x86)/atmel/studio/7.0/toolchain/avr8/avr8-gnu-toolchain/bin/../lib/gcc/avr/5.4.0/../../../../avr/lib/avrxmega7\libm.a(fp_cmp.o)
                0x0000411c                __fp_cmp
 .text.avr-libc.fplib
                0x00004164        0xc c:/program files (x86)/atmel/studio/7.0/toolchain/avr8/avr8-gnu-toolchain/bin/../lib/gcc/avr/5.4.0/../../../../avr/lib/avrxmega7\libm.a(fp_inf.o)
                0x00004164                __fp_inf
 .text.avr-libc.fplib
                0x00004170        0x6 c:/program files (x86)/atmel/studio/7.0/toolchain/avr8/avr8-gnu-toolchain/bin/../lib/gcc/avr/5.4.0/../../../../avr/lib/avrxmega7\libm.a(fp_nan.o)
                0x00004170                __fp_nan
 .text.avr-libc.fplib
                0x00004176        0xe c:/program files (x86)/atmel/studio/7.0/toolchain/avr8/avr8-gnu-toolchain/bin/../lib/gcc/avr/5.4.0/../../../../avr/lib/avrxmega7\libm.a(fp_pscA.o)
                0x00004176                __fp_pscA
 .text.avr-libc.fplib
                0x00004184        0xe c:/program files (x86)/atmel/studio/7.0/toolchain/avr8/avr8-gnu-toolchain/bin/../lib/gcc/avr/5.4.0/../../../../avr/lib/avrxmega7\libm.a(fp_pscB.o)
                0x00004184                __fp_pscB
 .text.avr-libc.fplib
                0x00004192       0x22 c:/program files (x86)/atmel/studio/7.0/toolchain/avr8/avr8-gnu-toolchain/bin/../lib/gcc/avr/5.4.0/../../../../avr/lib/avrxmega7\libm.a(fp_round.o)
                0x00004192                __fp_round
 .text.avr-libc.fplib
                0x000041b4       0x44 c:/program files (x86)/atmel/studio/7.0/toolchain/avr8/avr8-gnu-toolchain/bin/../lib/gcc/avr/5.4.0/../../../../avr/lib/avrxmega7\libm.a(fp_split3.o)
                0x000041b4                __fp_split3
                0x000041c4                __fp_splitA
 .text.avr-libc.fplib
                0x000041f8        0xe c:/program files (x86)/atmel/studio/7.0/toolchain/avr8/avr8-gnu-toolchain/bin/../lib/gcc/avr/5.4.0/../../../../avr/lib/avrxmega7\libm.a(fp_zero.o)
                0x000041f8                __fp_zero
                0x000041fa                __fp_szero
 .text.avr-libc.fplib
                0x00004206        0xa c:/program files (x86)/atmel/studio/7.0/toolchain/avr8/avr8-gnu-toolchain/bin/../lib/gcc/avr/5.4.0/../../../../avr/lib/avrxmega7\libm.a(gesf2.o)
                0x00004206                __gesf2
                0x00004206                __gtsf2
 .text.avr-libc.fplib
                0x00004210        0x8 c:/program files (x86)/atmel/studio/7.0/toolchain/avr8/avr8-gnu-toolchain/bin/../lib/gcc/avr/5.4.0/../../../../avr/lib/avrxmega7\libm.a(mulsf3.o)
                0x00004210                __mulsf3
 .text.avr-libc.fplib
                0x00004218       0xd2 c:/program files (x86)/atmel/studio/7.0/toolchain/avr8/avr8-gnu-toolchain/bin/../lib/gcc/avr/5.4.0/../../../../avr/lib/avrxmega7\libm.a(mulsf3x.o)
                0x00004236                __mulsf3x
                0x0000423c                __mulsf3_pse
 .text.libgcc.mul
                0x000042ea       0x20 c:/program files (x86)/atmel/studio/7.0/toolchain/avr8/avr8-gnu-toolchain/bin/../lib/gcc/avr/5.4.0/avrxmega7\libgcc.a(_mulsi3.o)
                0x000042ea                __mulsi3
 .text.libgcc.div
                0x0000430a       0x44 c:/program files (x86)/atmel/studio/7.0/toolchain/avr8/avr8-gnu-toolchain/bin/../lib/gcc/avr/5.4.0/avrxmega7\libgcc.a(_udivmodsi4.o)
                0x0000430a                __udivmodsi4
 .text.libgcc.div
                0x0000434e       0x2e c:/program files (x86)/atmel/studio/7.0/toolchain/avr8/avr8-gnu-toolchain/bin/../lib/gcc/avr/5.4.0/avrxmega7\libgcc.a(_divmodsi4.o)
                0x0000434e                __divmodsi4
 .text.libgcc.div
                0x0000437c       0x10 c:/program files (x86)/atmel/studio/7.0/toolchain/avr8/avr8-gnu-toolchain/bin/../lib/gcc/avr/5.4.0/avrxmega7\libgcc.a(_negsi2.o)
                0x0000437c                __negsi2
 .text.libgcc   0x0000438c       0x12 c:/program files (x86)/atmel/studio/7.0/toolchain/avr8/avr8-gnu-toolchain/bin/../lib/gcc/avr/5.4.0/avrxmega7\libgcc.a(_tablejump2.o)
                0x0000438c                __tablejump2__
 .text.libgcc.mul
                0x0000439e        0xe c:/program files (x86)/atmel/studio/7.0/toolchain/avr8/avr8-gnu-toolchain/bin/../lib/gcc/avr/5.4.0/avrxmega7\libgcc.a(_usmulhisi3.o)
                0x0000439e                __usmulhisi3
                0x000043a2                __usmulhisi3_tail
 .text.libgcc.mul
                0x000043ac       0x16 c:/program files (x86)/atmel/studio/7.0/toolchain/avr8/avr8-gnu-toolchain/bin/../lib/gcc/avr/5.4.0/avrxmega7\libgcc.a(_muluhisi3.o)
                0x000043ac                __muluhisi3
 .text.libgcc.mul
                0x000043c2       0x1e c:/program files (x86)/atmel/studio/7.0/toolchain/avr8/avr8-gnu-toolchain/bin/../lib/gcc/avr/5.4.0/avrxmega7\libgcc.a(_umulhisi3.o)
                0x000043c2                __umulhisi3
 .text.avr-libc
                0x000043e0       0x12 c:/program files (x86)/atmel/studio/7.0/toolchain/avr8/avr8-gnu-toolchain/bin/../lib/gcc/avr/5.4.0/../../../../avr/lib/avrxmega7\libc.a(memcpy.o)
                0x000043e0                memcpy
 .text.avr-libc
                0x000043f2        0xe c:/program files (x86)/atmel/studio/7.0/toolchain/avr8/avr8-gnu-toolchain/bin/../lib/gcc/avr/5.4.0/../../../../avr/lib/avrxmega7\libc.a(memset.o)
                0x000043f2                memset
 .text.avr-libc
                0x00004400       0x1e c:/program files (x86)/atmel/studio/7.0/toolchain/avr8/avr8-gnu-toolchain/bin/../lib/gcc/avr/5.4.0/../../../../avr/lib/avrxmega7\libc.a(strncpy.o)
                0x00004400                strncpy
 .text.avr-libc
                0x0000441e       0x16 c:/program files (x86)/atmel/studio/7.0/toolchain/avr8/avr8-gnu-toolchain/bin/../lib/gcc/avr/5.4.0/../../../../avr/lib/avrxmega7\libc.a(ultoa.o)
                0x0000441e                ultoa
                0x0000441e                __ultoa
 .text.avr-libc
                0x00004434       0x44 c:/program files (x86)/atmel/studio/7.0/toolchain/avr8/avr8-gnu-toolchain/bin/../lib/gcc/avr/5.4.0/../../../../avr/lib/avrxmega7\libc.a(ultoa_ncheck.o)
                0x00004434                __ultoa_ncheck
                0x00004436                __ultoa_common
 .text.avr-libc
                0x00004478       0x16 c:/program files (x86)/atmel/studio/7.0/toolchain/avr8/avr8-gnu-toolchain/bin/../lib/gcc/avr/5.4.0/../../../../avr/lib/avrxmega7\libc.a(utoa.o)
                0x00004478                __utoa
                0x00004478                utoa
 .text.avr-libc
                0x0000448e       0x34 c:/program files (x86)/atmel/studio/7.0/toolchain/avr8/avr8-gnu-toolchain/bin/../lib/gcc/avr/5.4.0/../../../../avr/lib/avrxmega7\libc.a(utoa_ncheck.o)
                0x0000448e                __utoa_ncheck
                0x00004490                __utoa_common
 .text.avr-libc
                0x000044c2       0x20 c:/program files (x86)/atmel/studio/7.0/toolchain/avr8/avr8-gnu-toolchain/bin/../lib/gcc/avr/5.4.0/../../../../avr/lib/avrxmega7\libc.a(strrev.o)
                0x000044c2                strrev
                0x000044e2                . = ALIGN (0x2)
 *(.fini9)
 .fini9         0x000044e2        0x0 c:/program files (x86)/atmel/studio/7.0/toolchain/avr8/avr8-gnu-toolchain/bin/../lib/gcc/avr/5.4.0/avrxmega7\libgcc.a(_exit.o)
                0x000044e2                _exit
                0x000044e2                exit
 *(.fini9)
 *(.fini8)
 *(.fini8)
 *(.fini7)
 *(.fini7)
 *(.fini6)
 *(.fini6)
 *(.fini5)
 *(.fini5)
 *(.fini4)
 *(.fini4)
 *(.fini3)
 *(.fini3)
 *(.fini2)
 *(.fini2)
 *(.fini1)
 *(.fini1)
 *(.fini0)
 .fini0         0x000044e2        0x4 c:/program files (x86)/atmel/studio/7.0/toolchain/avr8/avr8-gnu-toolchain/bin/../lib/gcc/avr/5.4.0/avrxmega7\libgcc.a(_exit.o)
 *(.fini0)
                0x000044e6                _etext = .

.data           0x00802000       0xbc load address 0x000044e6
                0x00802000                PROVIDE (__data_start, .)
 *(.data)
 *(.data*)
 .data.xFreeBytesRemaining
                0x00802000        0x2 Source/lib/freertos/heap_2.o
 .data.xNextTaskUnblockTime
                0x00802002        0x4 Source/lib/freertos/tasks.o
 *(.gnu.linkonce.d*)
 *(.rodata)
 *(.rodata*)
 .rodata._ZTV12EncoderMotor
                0x00802006        0x8 Source/EncoderMotor.o
                0x00802006                _ZTV12EncoderMotor
 .rodata._ZTV15EncoderPendulum
                0x0080200e        0x8 Source/EncoderPendulum.o
                0x0080200e                _ZTV15EncoderPendulum
 .rodata._ZTV13LimitSwitches
                0x00802016        0x8 Source/LimitSwitches.o
                0x00802016                _ZTV13LimitSwitches
 .rodata._ZTV5Motor
                0x0080201e        0x8 Source/Motor.o
                0x0080201e                _ZTV5Motor
 .rodata._ZTV9PWMdriver
                0x00802026        0x8 Source/PWMdriver.o
                0x00802026                _ZTV9PWMdriver
 .rodata._ZTV9task_user
                0x0080202e        0x8 Source/task_user.o
                0x0080202e                _ZTV9task_user
 .rodata.str1.1
                0x00802036        0x5 Source/lib/freertos/tasks.o
 .rodata._ZTV8frt_task
                0x0080203b        0x8 Source/lib/frtcpp/frt_task_status.o
                0x0080203b                _ZTV8frt_task
 .rodata._ZTV14frt_text_queue
                0x00802043       0x10 Source/lib/frtcpp/frt_text_queue.o
                0x00802043                _ZTV14frt_text_queue
 .rodata._ZTV8emstream
                0x00802053       0x10 Source/lib/serial/emstream.o
                0x00802053                _ZTV8emstream
 .rodata._ZTV5rs232
                0x00802063       0x10 Source/lib/serial/rs232int.o
                0x00802063                _ZTV5rs232
 .rodata.str1.1
                0x00802073       0x48 Source/main.o
 *(.gnu.linkonce.r*)
                0x008020bc                . = ALIGN (0x2)
 *fill*         0x008020bb        0x1 
                0x008020bc                _edata = .
                0x008020bc                PROVIDE (__data_end, .)

.bss            0x008020bc     0x10a6
                0x008020bc                PROVIDE (__bss_start, .)
 *(.bss)
 *(.bss*)
 .bss.xHeapHasBeenInitialised.4150
                0x008020bc        0x1 Source/lib/freertos/heap_2.o
 .bss.xEnd      0x008020bd        0x4 Source/lib/freertos/heap_2.o
 .bss.xStart    0x008020c1        0x4 Source/lib/freertos/heap_2.o
 .bss.xHeap     0x008020c5      0xfff Source/lib/freertos/heap_2.o
 .bss.uxTaskNumber
                0x008030c4        0x1 Source/lib/freertos/tasks.o
 .bss.xNumOfOverflows
                0x008030c5        0x1 Source/lib/freertos/tasks.o
 .bss.xMissedYield
                0x008030c6        0x1 Source/lib/freertos/tasks.o
 .bss.uxMissedTicks
                0x008030c7        0x1 Source/lib/freertos/tasks.o
 .bss.uxSchedulerSuspended
                0x008030c8        0x1 Source/lib/freertos/tasks.o
 .bss.xSchedulerRunning
                0x008030c9        0x1 Source/lib/freertos/tasks.o
 .bss.uxTopReadyPriority
                0x008030ca        0x1 Source/lib/freertos/tasks.o
 .bss.uxTopUsedPriority
                0x008030cb        0x1 Source/lib/freertos/tasks.o
 .bss.xTickCount
                0x008030cc        0x4 Source/lib/freertos/tasks.o
 .bss.uxCurrentNumberOfTasks
                0x008030d0        0x1 Source/lib/freertos/tasks.o
 .bss.xIdleTaskHandle
                0x008030d1        0x2 Source/lib/freertos/tasks.o
 .bss.xPendingReadyList
                0x008030d3        0xb Source/lib/freertos/tasks.o
 .bss.pxOverflowDelayedTaskList
                0x008030de        0x2 Source/lib/freertos/tasks.o
 .bss.pxDelayedTaskList
                0x008030e0        0x2 Source/lib/freertos/tasks.o
 .bss.xDelayedTaskList2
                0x008030e2        0xb Source/lib/freertos/tasks.o
 .bss.xDelayedTaskList1
                0x008030ed        0xb Source/lib/freertos/tasks.o
 .bss.pxReadyTasksLists
                0x008030f8       0x2c Source/lib/freertos/tasks.o
 .bss.pxCurrentTCB
                0x00803124        0x2 Source/lib/freertos/tasks.o
                0x00803124                pxCurrentTCB
 .bss.last_created_task_pointer
                0x00803126        0x2 Source/lib/frtcpp/frt_task.o
                0x00803126                last_created_task_pointer
 .bss.rcvE0_write_index
                0x00803128        0x2 Source/lib/serial/rs232int.o
                0x00803128                rcvE0_write_index
 .bss.rcvD1_write_index
                0x0080312a        0x2 Source/lib/serial/rs232int.o
                0x0080312a                rcvD1_write_index
 .bss.rcvD0_write_index
                0x0080312c        0x2 Source/lib/serial/rs232int.o
                0x0080312c                rcvD0_write_index
 .bss.rcvC1_write_index
                0x0080312e        0x2 Source/lib/serial/rs232int.o
                0x0080312e                rcvC1_write_index
 .bss.rcvC0_write_index
                0x00803130        0x2 Source/lib/serial/rs232int.o
                0x00803130                rcvC0_write_index
 .bss.rcvE0_read_index
                0x00803132        0x2 Source/lib/serial/rs232int.o
                0x00803132                rcvE0_read_index
 .bss.rcvD1_read_index
                0x00803134        0x2 Source/lib/serial/rs232int.o
                0x00803134                rcvD1_read_index
 .bss.rcvD0_read_index
                0x00803136        0x2 Source/lib/serial/rs232int.o
                0x00803136                rcvD0_read_index
 .bss.rcvC1_read_index
                0x00803138        0x2 Source/lib/serial/rs232int.o
                0x00803138                rcvC1_read_index
 .bss.rcvC0_read_index
                0x0080313a        0x2 Source/lib/serial/rs232int.o
                0x0080313a                rcvC0_read_index
 .bss.rcvE0_buffer
                0x0080313c        0x2 Source/lib/serial/rs232int.o
                0x0080313c                rcvE0_buffer
 .bss.rcvD1_buffer
                0x0080313e        0x2 Source/lib/serial/rs232int.o
                0x0080313e                rcvD1_buffer
 .bss.rcvD0_buffer
                0x00803140        0x2 Source/lib/serial/rs232int.o
                0x00803140                rcvD0_buffer
 .bss.rcvC1_buffer
                0x00803142        0x2 Source/lib/serial/rs232int.o
                0x00803142                rcvC1_buffer
 .bss.rcvC0_buffer
                0x00803144        0x2 Source/lib/serial/rs232int.o
                0x00803144                rcvC0_buffer
 .bss.rightLimitSwitch
                0x00803146        0x1 Source/main.o
                0x00803146                rightLimitSwitch
 .bss.leftLimitSwitch
                0x00803147        0x1 Source/main.o
                0x00803147                leftLimitSwitch
 .bss.thPendulum
                0x00803148        0x2 Source/main.o
                0x00803148                thPendulum
 .bss.thdMotor  0x0080314a        0x2 Source/main.o
                0x0080314a                thdMotor
 .bss.thMotor   0x0080314c        0x2 Source/main.o
                0x0080314c                thMotor
 .bss.linear_position
                0x0080314e        0x2 Source/main.o
                0x0080314e                linear_position
 .bss.print_ser_queue
                0x00803150       0x10 Source/main.o
                0x00803150                print_ser_queue
 *(COMMON)
 COMMON         0x00803160        0x2 Source/lib/freertos/port.o
                0x00803160                portStackTopForTask
                0x00803162                PROVIDE (__bss_end, .)
                0x000044e6                __data_load_start = LOADADDR (.data)
                0x000045a2                __data_load_end = (__data_load_start + SIZEOF (.data))

.noinit         0x00803162        0x0
                [!provide]                PROVIDE (__noinit_start, .)
 *(.noinit*)
                [!provide]                PROVIDE (__noinit_end, .)
                0x00803162                _end = .
                [!provide]                PROVIDE (__heap_start, .)

.eeprom         0x00810000        0x0
 *(.eeprom*)
                0x00810000                __eeprom_end = .

.fuse
 *(.fuse)
 *(.lfuse)
 *(.hfuse)
 *(.efuse)

.lock
 *(.lock*)

.signature
 *(.signature*)

.user_signatures
 *(.user_signatures*)

.stab
 *(.stab)

.stabstr
 *(.stabstr)

.stab.excl
 *(.stab.excl)

.stab.exclstr
 *(.stab.exclstr)

.stab.index
 *(.stab.index)

.stab.indexstr
 *(.stab.indexstr)

.comment        0x00000000       0x30
 *(.comment)
 .comment       0x00000000       0x30 Source/EncoderMotor.o
                                 0x31 (size before relaxing)
 .comment       0x00000030       0x31 Source/EncoderPendulum.o
 .comment       0x00000030       0x31 Source/LimitSwitches.o
 .comment       0x00000030       0x31 Source/Motor.o
 .comment       0x00000030       0x31 Source/pid.o
 .comment       0x00000030       0x31 Source/PWMdriver.o
 .comment       0x00000030       0x31 Source/task_user.o
 .comment       0x00000030       0x31 Source/lib/freertos/heap_2.o
 .comment       0x00000030       0x31 Source/lib/freertos/list.o
 .comment       0x00000030       0x31 Source/lib/freertos/port.o
 .comment       0x00000030       0x31 Source/lib/freertos/queue.o
 .comment       0x00000030       0x31 Source/lib/freertos/tasks.o
 .comment       0x00000030       0x31 Source/lib/frtcpp/frt_task.o
 .comment       0x00000030       0x31 Source/lib/frtcpp/frt_task_stackprt.o
 .comment       0x00000030       0x31 Source/lib/frtcpp/frt_task_status.o
 .comment       0x00000030       0x31 Source/lib/frtcpp/frt_text_queue.o
 .comment       0x00000030       0x31 Source/lib/frtcpp/time_stamp_get_us.o
 .comment       0x00000030       0x31 Source/lib/frtcpp/time_stamp_lshift.o
 .comment       0x00000030       0x31 Source/lib/frtcpp/time_stamp_to_now.o
 .comment       0x00000030       0x31 Source/lib/misc/hex_dump_memory.o
 .comment       0x00000030       0x31 Source/lib/misc/mechutil.o
 .comment       0x00000030       0x31 Source/lib/serial/base232.o
 .comment       0x00000030       0x31 Source/lib/serial/emstream.o
 .comment       0x00000030       0x31 Source/lib/serial/emstream_uint16_t.o
 .comment       0x00000030       0x31 Source/lib/serial/emstream_uint32_t.o
 .comment       0x00000030       0x31 Source/lib/serial/emstream_uint8_t.o
 .comment       0x00000030       0x31 Source/lib/serial/rs232int.o
 .comment       0x00000030       0x31 Source/main.o

.note.gnu.avr.deviceinfo
                0x00000000       0x40
 .note.gnu.avr.deviceinfo
                0x00000000       0x40 C:/Program Files (x86)/Atmel/Studio/7.0/Packs/atmel/XMEGAA_DFP/1.1.68/gcc/dev/atxmega128a4u/avrxmega7/crtatxmega128a4u.o

.note.gnu.build-id
 *(.note.gnu.build-id)

.debug
 *(.debug)

.line
 *(.line)

.debug_srcinfo
 *(.debug_srcinfo)

.debug_sfnames
 *(.debug_sfnames)

.debug_aranges  0x00000000      0x6d0
 *(.debug_aranges)
 .debug_aranges
                0x00000000       0x28 Source/EncoderMotor.o
 .debug_aranges
                0x00000028       0x28 Source/EncoderPendulum.o
 .debug_aranges
                0x00000050       0x28 Source/LimitSwitches.o
 .debug_aranges
                0x00000078       0x28 Source/Motor.o
 .debug_aranges
                0x000000a0       0x48 Source/pid.o
 .debug_aranges
                0x000000e8       0x28 Source/PWMdriver.o
 .debug_aranges
                0x00000110       0x38 Source/task_user.o
 .debug_aranges
                0x00000148       0x38 Source/lib/freertos/heap_2.o
 .debug_aranges
                0x00000180       0x40 Source/lib/freertos/list.o
 .debug_aranges
                0x000001c0       0x48 Source/lib/freertos/port.o
 .debug_aranges
                0x00000208       0x98 Source/lib/freertos/queue.o
 .debug_aranges
                0x000002a0       0xf0 Source/lib/freertos/tasks.o
 .debug_aranges
                0x00000390       0x40 Source/lib/frtcpp/frt_task.o
 .debug_aranges
                0x000003d0       0x28 Source/lib/frtcpp/frt_task_stackprt.o
 .debug_aranges
                0x000003f8       0x38 Source/lib/frtcpp/frt_task_status.o
 .debug_aranges
                0x00000430       0x38 Source/lib/frtcpp/frt_text_queue.o
 .debug_aranges
                0x00000468       0x20 Source/lib/frtcpp/time_stamp_get_us.o
 .debug_aranges
                0x00000488       0x20 Source/lib/frtcpp/time_stamp_lshift.o
 .debug_aranges
                0x000004a8       0x20 Source/lib/frtcpp/time_stamp_to_now.o
 .debug_aranges
                0x000004c8       0x20 Source/lib/misc/hex_dump_memory.o
 .debug_aranges
                0x000004e8       0x60 Source/lib/misc/mechutil.o
 .debug_aranges
                0x00000548       0x30 Source/lib/serial/base232.o
 .debug_aranges
                0x00000578       0x60 Source/lib/serial/emstream.o
 .debug_aranges
                0x000005d8       0x20 Source/lib/serial/emstream_uint16_t.o
 .debug_aranges
                0x000005f8       0x20 Source/lib/serial/emstream_uint32_t.o
 .debug_aranges
                0x00000618       0x20 Source/lib/serial/emstream_uint8_t.o
 .debug_aranges
                0x00000638       0x68 Source/lib/serial/rs232int.o
 .debug_aranges
                0x000006a0       0x30 Source/main.o

.debug_pubnames
 *(.debug_pubnames)

.debug_info     0x00000000    0x11c99
 *(.debug_info .gnu.linkonce.wi.*)
 .debug_info    0x00000000     0x284f C:/Program Files (x86)/Atmel/Studio/7.0/Packs/atmel/XMEGAA_DFP/1.1.68/gcc/dev/atxmega128a4u/avrxmega7/crtatxmega128a4u.o
 .debug_info    0x0000284f     0x12b9 Source/EncoderMotor.o
 .debug_info    0x00003b08     0x1127 Source/EncoderPendulum.o
 .debug_info    0x00004c2f      0x754 Source/LimitSwitches.o
 .debug_info    0x00005383      0x657 Source/Motor.o
 .debug_info    0x000059da      0x65e Source/pid.o
 .debug_info    0x00006038      0xcfb Source/PWMdriver.o
 .debug_info    0x00006d33     0x1a79 Source/task_user.o
 .debug_info    0x000087ac      0x30f Source/lib/freertos/heap_2.o
 .debug_info    0x00008abb      0x2c5 Source/lib/freertos/list.o
 .debug_info    0x00008d80      0x275 Source/lib/freertos/port.o
 .debug_info    0x00008ff5      0xdde Source/lib/freertos/queue.o
 .debug_info    0x00009dd3     0x1301 Source/lib/freertos/tasks.o
 .debug_info    0x0000b0d4      0x9eb Source/lib/frtcpp/frt_task.o
 .debug_info    0x0000babf      0x640 Source/lib/frtcpp/frt_task_stackprt.o
 .debug_info    0x0000c0ff     0x10e6 Source/lib/frtcpp/frt_task_status.o
 .debug_info    0x0000d1e5      0x410 Source/lib/frtcpp/frt_text_queue.o
 .debug_info    0x0000d5f5      0x3ab Source/lib/frtcpp/time_stamp_get_us.o
 .debug_info    0x0000d9a0      0x5ae Source/lib/frtcpp/time_stamp_lshift.o
 .debug_info    0x0000df4e      0x9a8 Source/lib/frtcpp/time_stamp_to_now.o
 .debug_info    0x0000e8f6      0x515 Source/lib/misc/hex_dump_memory.o
 .debug_info    0x0000ee0b      0x29c Source/lib/misc/mechutil.o
 .debug_info    0x0000f0a7      0x482 Source/lib/serial/base232.o
 .debug_info    0x0000f529      0xa2f Source/lib/serial/emstream.o
 .debug_info    0x0000ff58      0x2b8 Source/lib/serial/emstream_uint16_t.o
 .debug_info    0x00010210      0x2e0 Source/lib/serial/emstream_uint32_t.o
 .debug_info    0x000104f0      0x2d8 Source/lib/serial/emstream_uint8_t.o
 .debug_info    0x000107c8      0x8db Source/lib/serial/rs232int.o
 .debug_info    0x000110a3      0xbf6 Source/main.o

.debug_abbrev   0x00000000     0x6550
 *(.debug_abbrev)
 .debug_abbrev  0x00000000     0x262c C:/Program Files (x86)/Atmel/Studio/7.0/Packs/atmel/XMEGAA_DFP/1.1.68/gcc/dev/atxmega128a4u/avrxmega7/crtatxmega128a4u.o
 .debug_abbrev  0x0000262c      0x334 Source/EncoderMotor.o
 .debug_abbrev  0x00002960      0x316 Source/EncoderPendulum.o
 .debug_abbrev  0x00002c76      0x2e3 Source/LimitSwitches.o
 .debug_abbrev  0x00002f59      0x29c Source/Motor.o
 .debug_abbrev  0x000031f5      0x27d Source/pid.o
 .debug_abbrev  0x00003472      0x31c Source/PWMdriver.o
 .debug_abbrev  0x0000378e      0x389 Source/task_user.o
 .debug_abbrev  0x00003b17      0x1a9 Source/lib/freertos/heap_2.o
 .debug_abbrev  0x00003cc0       0xf6 Source/lib/freertos/list.o
 .debug_abbrev  0x00003db6      0x16b Source/lib/freertos/port.o
 .debug_abbrev  0x00003f21      0x1f2 Source/lib/freertos/queue.o
 .debug_abbrev  0x00004113      0x2c2 Source/lib/freertos/tasks.o
 .debug_abbrev  0x000043d5      0x301 Source/lib/frtcpp/frt_task.o
 .debug_abbrev  0x000046d6      0x1fe Source/lib/frtcpp/frt_task_stackprt.o
 .debug_abbrev  0x000048d4      0x354 Source/lib/frtcpp/frt_task_status.o
 .debug_abbrev  0x00004c28      0x1ec Source/lib/frtcpp/frt_text_queue.o
 .debug_abbrev  0x00004e14      0x109 Source/lib/frtcpp/time_stamp_get_us.o
 .debug_abbrev  0x00004f1d      0x234 Source/lib/frtcpp/time_stamp_lshift.o
 .debug_abbrev  0x00005151      0x19c Source/lib/frtcpp/time_stamp_to_now.o
 .debug_abbrev  0x000052ed      0x180 Source/lib/misc/hex_dump_memory.o
 .debug_abbrev  0x0000546d      0x12e Source/lib/misc/mechutil.o
 .debug_abbrev  0x0000559b      0x182 Source/lib/serial/base232.o
 .debug_abbrev  0x0000571d      0x344 Source/lib/serial/emstream.o
 .debug_abbrev  0x00005a61      0x1b7 Source/lib/serial/emstream_uint16_t.o
 .debug_abbrev  0x00005c18      0x1b7 Source/lib/serial/emstream_uint32_t.o
 .debug_abbrev  0x00005dcf      0x1a6 Source/lib/serial/emstream_uint8_t.o
 .debug_abbrev  0x00005f75      0x29f Source/lib/serial/rs232int.o
 .debug_abbrev  0x00006214      0x33c Source/main.o

.debug_line     0x00000000     0x5246
 *(.debug_line .debug_line.* .debug_line_end)
 .debug_line    0x00000000      0x3b5 C:/Program Files (x86)/Atmel/Studio/7.0/Packs/atmel/XMEGAA_DFP/1.1.68/gcc/dev/atxmega128a4u/avrxmega7/crtatxmega128a4u.o
 .debug_line    0x000003b5      0x2f7 Source/EncoderMotor.o
 .debug_line    0x000006ac      0x2b4 Source/EncoderPendulum.o
 .debug_line    0x00000960      0x2c8 Source/LimitSwitches.o
 .debug_line    0x00000c28      0x254 Source/Motor.o
 .debug_line    0x00000e7c      0x1cc Source/pid.o
 .debug_line    0x00001048      0x2ee Source/PWMdriver.o
 .debug_line    0x00001336      0x57c Source/task_user.o
 .debug_line    0x000018b2      0x25f Source/lib/freertos/heap_2.o
 .debug_line    0x00001b11      0x17b Source/lib/freertos/list.o
 .debug_line    0x00001c8c      0x31d Source/lib/freertos/port.o
 .debug_line    0x00001fa9      0x725 Source/lib/freertos/queue.o
 .debug_line    0x000026ce      0x9dc Source/lib/freertos/tasks.o
 .debug_line    0x000030aa      0x367 Source/lib/frtcpp/frt_task.o
 .debug_line    0x00003411      0x210 Source/lib/frtcpp/frt_task_stackprt.o
 .debug_line    0x00003621      0x39f Source/lib/frtcpp/frt_task_status.o
 .debug_line    0x000039c0      0x17d Source/lib/frtcpp/frt_text_queue.o
 .debug_line    0x00003b3d       0xfc Source/lib/frtcpp/time_stamp_get_us.o
 .debug_line    0x00003c39      0x167 Source/lib/frtcpp/time_stamp_lshift.o
 .debug_line    0x00003da0      0x179 Source/lib/frtcpp/time_stamp_to_now.o
 .debug_line    0x00003f19      0x24d Source/lib/misc/hex_dump_memory.o
 .debug_line    0x00004166      0x1c9 Source/lib/misc/mechutil.o
 .debug_line    0x0000432f      0x230 Source/lib/serial/base232.o
 .debug_line    0x0000455f      0x2b4 Source/lib/serial/emstream.o
 .debug_line    0x00004813      0x10e Source/lib/serial/emstream_uint16_t.o
 .debug_line    0x00004921      0x10e Source/lib/serial/emstream_uint32_t.o
 .debug_line    0x00004a2f      0x185 Source/lib/serial/emstream_uint8_t.o
 .debug_line    0x00004bb4      0x3f5 Source/lib/serial/rs232int.o
 .debug_line    0x00004fa9      0x29d Source/main.o

.debug_frame    0x00000000     0x13b0
 *(.debug_frame)
 .debug_frame   0x00000000       0x58 Source/EncoderMotor.o
 .debug_frame   0x00000058       0x58 Source/EncoderPendulum.o
 .debug_frame   0x000000b0       0x58 Source/LimitSwitches.o
 .debug_frame   0x00000108       0x58 Source/Motor.o
 .debug_frame   0x00000160      0x178 Source/pid.o
 .debug_frame   0x000002d8       0x58 Source/PWMdriver.o
 .debug_frame   0x00000330       0xc4 Source/task_user.o
 .debug_frame   0x000003f4       0x7c Source/lib/freertos/heap_2.o
 .debug_frame   0x00000470       0x84 Source/lib/freertos/list.o
 .debug_frame   0x000004f4       0x74 Source/lib/freertos/port.o
 .debug_frame   0x00000568      0x20c Source/lib/freertos/queue.o
 .debug_frame   0x00000774      0x380 Source/lib/freertos/tasks.o
 .debug_frame   0x00000af4       0xbc Source/lib/frtcpp/frt_task.o
 .debug_frame   0x00000bb0       0x70 Source/lib/frtcpp/frt_task_stackprt.o
 .debug_frame   0x00000c20       0xc4 Source/lib/frtcpp/frt_task_status.o
 .debug_frame   0x00000ce4       0xbc Source/lib/frtcpp/frt_text_queue.o
 .debug_frame   0x00000da0       0x44 Source/lib/frtcpp/time_stamp_get_us.o
 .debug_frame   0x00000de4       0x54 Source/lib/frtcpp/time_stamp_lshift.o
 .debug_frame   0x00000e38       0x30 Source/lib/frtcpp/time_stamp_to_now.o
 .debug_frame   0x00000e68       0x70 Source/lib/misc/hex_dump_memory.o
 .debug_frame   0x00000ed8       0xa4 Source/lib/misc/mechutil.o
 .debug_frame   0x00000f7c       0x50 Source/lib/serial/base232.o
 .debug_frame   0x00000fcc       0xc4 Source/lib/serial/emstream.o
 .debug_frame   0x00001090       0x44 Source/lib/serial/emstream_uint16_t.o
 .debug_frame   0x000010d4       0x50 Source/lib/serial/emstream_uint32_t.o
 .debug_frame   0x00001124       0x54 Source/lib/serial/emstream_uint8_t.o
 .debug_frame   0x00001178      0x1b4 Source/lib/serial/rs232int.o
 .debug_frame   0x0000132c       0x84 Source/main.o

.debug_str      0x00000000     0x6040
 *(.debug_str)
 .debug_str     0x00000000     0x1aa8 C:/Program Files (x86)/Atmel/Studio/7.0/Packs/atmel/XMEGAA_DFP/1.1.68/gcc/dev/atxmega128a4u/avrxmega7/crtatxmega128a4u.o
 .debug_str     0x00001aa8     0x185c Source/EncoderMotor.o
                               0x18f6 (size before relaxing)
 .debug_str     0x00003304      0x116 Source/EncoderPendulum.o
                               0x18bc (size before relaxing)
 .debug_str     0x0000341a      0x269 Source/LimitSwitches.o
                                0x654 (size before relaxing)
 .debug_str     0x00003683      0x150 Source/Motor.o
                                0x433 (size before relaxing)
 .debug_str     0x000037d3      0x118 Source/pid.o
                                0x38a (size before relaxing)
 .debug_str     0x000038eb       0x9a Source/PWMdriver.o
                                0x828 (size before relaxing)
 .debug_str     0x00003985      0x5ef Source/task_user.o
                                0xb6b (size before relaxing)
 .debug_str     0x00003f74      0x21c Source/lib/freertos/heap_2.o
                                0x319 (size before relaxing)
 .debug_str     0x00004190      0x131 Source/lib/freertos/list.o
                                0x2ca (size before relaxing)
 .debug_str     0x000042c1      0x11f Source/lib/freertos/port.o
                                0x2d7 (size before relaxing)
 .debug_str     0x000043e0      0x41d Source/lib/freertos/queue.o
                                0x6c9 (size before relaxing)
 .debug_str     0x000047fd      0x501 Source/lib/freertos/tasks.o
                                0x9a0 (size before relaxing)
 .debug_str     0x00004cfe      0x130 Source/lib/frtcpp/frt_task.o
                                0x50d (size before relaxing)
 .debug_str     0x00004e2e       0xe2 Source/lib/frtcpp/frt_task_stackprt.o
                                0x435 (size before relaxing)
 .debug_str     0x00004f10      0x40d Source/lib/frtcpp/frt_task_status.o
                                0x9ad (size before relaxing)
 .debug_str     0x0000531d      0x148 Source/lib/frtcpp/frt_text_queue.o
                                0x41f (size before relaxing)
 .debug_str     0x00005465       0x2b Source/lib/frtcpp/time_stamp_get_us.o
                                0x4e7 (size before relaxing)
 .debug_str     0x00005490       0x5f Source/lib/frtcpp/time_stamp_lshift.o
                                0x5ac (size before relaxing)
 .debug_str     0x000054ef       0x2b Source/lib/frtcpp/time_stamp_to_now.o
                                0x7ca (size before relaxing)
 .debug_str     0x0000551a       0x8a Source/lib/misc/hex_dump_memory.o
                                0x37b (size before relaxing)
 .debug_str     0x000055a4       0xb8 Source/lib/misc/mechutil.o
                                0x2b6 (size before relaxing)
 .debug_str     0x0000565c      0x13f Source/lib/serial/base232.o
                                0x3f2 (size before relaxing)
 .debug_str     0x0000579b      0x420 Source/lib/serial/emstream.o
                                0x7a6 (size before relaxing)
 .debug_str     0x00005bbb       0x67 Source/lib/serial/emstream_uint16_t.o
                                0x284 (size before relaxing)
 .debug_str     0x00005c22       0x42 Source/lib/serial/emstream_uint32_t.o
                                0x287 (size before relaxing)
 .debug_str     0x00005c64       0x3a Source/lib/serial/emstream_uint8_t.o
                                0x271 (size before relaxing)
 .debug_str     0x00005c9e      0x293 Source/lib/serial/rs232int.o
                                0x6b6 (size before relaxing)
 .debug_str     0x00005f31      0x10f Source/main.o
                                0x7ee (size before relaxing)

.debug_loc      0x00000000     0x62ad
 *(.debug_loc)
 .debug_loc     0x00000000      0x23b Source/EncoderMotor.o
 .debug_loc     0x0000023b      0x1fe Source/EncoderPendulum.o
 .debug_loc     0x00000439      0x252 Source/LimitSwitches.o
 .debug_loc     0x0000068b      0x1cc Source/Motor.o
 .debug_loc     0x00000857      0x83a Source/pid.o
 .debug_loc     0x00001091      0x1a8 Source/PWMdriver.o
 .debug_loc     0x00001239      0x602 Source/task_user.o
 .debug_loc     0x0000183b      0x2b1 Source/lib/freertos/heap_2.o
 .debug_loc     0x00001aec      0x136 Source/lib/freertos/list.o
 .debug_loc     0x00001c22      0x29b Source/lib/freertos/port.o
 .debug_loc     0x00001ebd      0xd6d Source/lib/freertos/queue.o
 .debug_loc     0x00002c2a     0x1159 Source/lib/freertos/tasks.o
 .debug_loc     0x00003d83      0x434 Source/lib/frtcpp/frt_task.o
 .debug_loc     0x000041b7      0x240 Source/lib/frtcpp/frt_task_stackprt.o
 .debug_loc     0x000043f7      0x56e Source/lib/frtcpp/frt_task_status.o
 .debug_loc     0x00004965      0x2fe Source/lib/frtcpp/frt_text_queue.o
 .debug_loc     0x00004c63       0x63 Source/lib/frtcpp/time_stamp_get_us.o
 .debug_loc     0x00004cc6      0x19d Source/lib/frtcpp/time_stamp_lshift.o
 .debug_loc     0x00004e63       0x67 Source/lib/frtcpp/time_stamp_to_now.o
 .debug_loc     0x00004eca      0x3e2 Source/lib/misc/hex_dump_memory.o
 .debug_loc     0x000052ac       0xe6 Source/lib/misc/mechutil.o
 .debug_loc     0x00005392      0x143 Source/lib/serial/base232.o
 .debug_loc     0x000054d5      0x305 Source/lib/serial/emstream.o
 .debug_loc     0x000057da      0x12f Source/lib/serial/emstream_uint16_t.o
 .debug_loc     0x00005909      0x171 Source/lib/serial/emstream_uint32_t.o
 .debug_loc     0x00005a7a      0x1cf Source/lib/serial/emstream_uint8_t.o
 .debug_loc     0x00005c49      0x4f2 Source/lib/serial/rs232int.o
 .debug_loc     0x0000613b      0x172 Source/main.o

.debug_macinfo
 *(.debug_macinfo)

.debug_weaknames
 *(.debug_weaknames)

.debug_funcnames
 *(.debug_funcnames)

.debug_typenames
 *(.debug_typenames)

.debug_varnames
 *(.debug_varnames)

.debug_pubtypes
 *(.debug_pubtypes)

.debug_ranges   0x00000000      0x588
 *(.debug_ranges)
 .debug_ranges  0x00000000       0x18 Source/EncoderMotor.o
 .debug_ranges  0x00000018       0x18 Source/EncoderPendulum.o
 .debug_ranges  0x00000030       0x30 Source/LimitSwitches.o
 .debug_ranges  0x00000060       0x18 Source/Motor.o
 .debug_ranges  0x00000078       0x38 Source/pid.o
 .debug_ranges  0x000000b0       0x18 Source/PWMdriver.o
 .debug_ranges  0x000000c8       0x28 Source/task_user.o
 .debug_ranges  0x000000f0       0x28 Source/lib/freertos/heap_2.o
 .debug_ranges  0x00000118       0x30 Source/lib/freertos/list.o
 .debug_ranges  0x00000148       0x38 Source/lib/freertos/port.o
 .debug_ranges  0x00000180       0x88 Source/lib/freertos/queue.o
 .debug_ranges  0x00000208      0x110 Source/lib/freertos/tasks.o
 .debug_ranges  0x00000318       0x30 Source/lib/frtcpp/frt_task.o
 .debug_ranges  0x00000348       0x18 Source/lib/frtcpp/frt_task_stackprt.o
 .debug_ranges  0x00000360       0x28 Source/lib/frtcpp/frt_task_status.o
 .debug_ranges  0x00000388       0x28 Source/lib/frtcpp/frt_text_queue.o
 .debug_ranges  0x000003b0       0x10 Source/lib/frtcpp/time_stamp_get_us.o
 .debug_ranges  0x000003c0       0x10 Source/lib/frtcpp/time_stamp_lshift.o
 .debug_ranges  0x000003d0       0x10 Source/lib/frtcpp/time_stamp_to_now.o
 .debug_ranges  0x000003e0       0x10 Source/lib/misc/hex_dump_memory.o
 .debug_ranges  0x000003f0       0x50 Source/lib/misc/mechutil.o
 .debug_ranges  0x00000440       0x20 Source/lib/serial/base232.o
 .debug_ranges  0x00000460       0x68 Source/lib/serial/emstream.o
 .debug_ranges  0x000004c8       0x10 Source/lib/serial/emstream_uint16_t.o
 .debug_ranges  0x000004d8       0x10 Source/lib/serial/emstream_uint32_t.o
 .debug_ranges  0x000004e8       0x10 Source/lib/serial/emstream_uint8_t.o
 .debug_ranges  0x000004f8       0x70 Source/lib/serial/rs232int.o
 .debug_ranges  0x00000568       0x20 Source/main.o

.debug_macro
 *(.debug_macro)
OUTPUT(FREERTOS_SHELL.elf elf32-avr)
LOAD linker stubs
